13:37:10 **** Build of configuration Debug for project Zybo-Z7-10-DMA ****
make all 
make --no-print-directory pre-build
a9-linaro-pre-build-step
' '
make --no-print-directory main-build
'Building file: ../src/userio/userio.c'
'Invoking: ARM v7 gcc compiler'
arm-none-eabi-gcc -Wall -O0 -g3 -I"C:\Users\Lennym\Downloads\Zybo_DMA_Audio_KWS_energy-main\Zybo_DMA_Audio_KWS_energy-main\vitis\Zybo-Z7-10-DMA\src" -IC:/Users/Lennym/Downloads/Zybo-Z7-10-DMA-sw.ide/vitis/system_wrapper/export/system_wrapper/sw/system_wrapper/domain_ps7_cortexa9_0/bspinclude/include -c -fmessage-length=0 -MT"src/userio/userio.o" -mcpu=cortex-a9 -mfpu=vfpv3 -mfloat-abi=hard -MMD -MP -MF"src/userio/userio.d" -MT"src/userio/userio.o" -o "src/userio/userio.o" "../src/userio/userio.c"
'Finished building: ../src/userio/userio.c'
' '
'Building file: ../src/intc/intc.c'
'Invoking: ARM v7 gcc compiler'
arm-none-eabi-gcc -Wall -O0 -g3 -I"C:\Users\Lennym\Downloads\Zybo_DMA_Audio_KWS_energy-main\Zybo_DMA_Audio_KWS_energy-main\vitis\Zybo-Z7-10-DMA\src" -IC:/Users/Lennym/Downloads/Zybo-Z7-10-DMA-sw.ide/vitis/system_wrapper/export/system_wrapper/sw/system_wrapper/domain_ps7_cortexa9_0/bspinclude/include -c -fmessage-length=0 -MT"src/intc/intc.o" -mcpu=cortex-a9 -mfpu=vfpv3 -mfloat-abi=hard -MMD -MP -MF"src/intc/intc.d" -MT"src/intc/intc.o" -o "src/intc/intc.o" "../src/intc/intc.c"
'Finished building: ../src/intc/intc.c'
' '
'Building file: ../src/iic/iic.c'
'Invoking: ARM v7 gcc compiler'
arm-none-eabi-gcc -Wall -O0 -g3 -I"C:\Users\Lennym\Downloads\Zybo_DMA_Audio_KWS_energy-main\Zybo_DMA_Audio_KWS_energy-main\vitis\Zybo-Z7-10-DMA\src" -IC:/Users/Lennym/Downloads/Zybo-Z7-10-DMA-sw.ide/vitis/system_wrapper/export/system_wrapper/sw/system_wrapper/domain_ps7_cortexa9_0/bspinclude/include -c -fmessage-length=0 -MT"src/iic/iic.o" -mcpu=cortex-a9 -mfpu=vfpv3 -mfloat-abi=hard -MMD -MP -MF"src/iic/iic.d" -MT"src/iic/iic.o" -o "src/iic/iic.o" "../src/iic/iic.c"
'Finished building: ../src/iic/iic.c'
' '
'Building file: ../src/dma/dma.c'
'Invoking: ARM v7 gcc compiler'
arm-none-eabi-gcc -Wall -O0 -g3 -I"C:\Users\Lennym\Downloads\Zybo_DMA_Audio_KWS_energy-main\Zybo_DMA_Audio_KWS_energy-main\vitis\Zybo-Z7-10-DMA\src" -IC:/Users/Lennym/Downloads/Zybo-Z7-10-DMA-sw.ide/vitis/system_wrapper/export/system_wrapper/sw/system_wrapper/domain_ps7_cortexa9_0/bspinclude/include -c -fmessage-length=0 -MT"src/dma/dma.o" -mcpu=cortex-a9 -mfpu=vfpv3 -mfloat-abi=hard -MMD -MP -MF"src/dma/dma.d" -MT"src/dma/dma.o" -o "src/dma/dma.o" "../src/dma/dma.c"
'Finished building: ../src/dma/dma.c'
' '
'Building file: ../src/audio/audio.c'
'Invoking: ARM v7 gcc compiler'
arm-none-eabi-gcc -Wall -O0 -g3 -I"C:\Users\Lennym\Downloads\Zybo_DMA_Audio_KWS_energy-main\Zybo_DMA_Audio_KWS_energy-main\vitis\Zybo-Z7-10-DMA\src" -IC:/Users/Lennym/Downloads/Zybo-Z7-10-DMA-sw.ide/vitis/system_wrapper/export/system_wrapper/sw/system_wrapper/domain_ps7_cortexa9_0/bspinclude/include -c -fmessage-length=0 -MT"src/audio/audio.o" -mcpu=cortex-a9 -mfpu=vfpv3 -mfloat-abi=hard -MMD -MP -MF"src/audio/audio.d" -MT"src/audio/audio.o" -o "src/audio/audio.o" "../src/audio/audio.c"
'Finished building: ../src/audio/audio.c'
' '
'Building file: ../src/demo.c'
'Invoking: ARM v7 gcc compiler'
arm-none-eabi-gcc -Wall -O0 -g3 -I"C:\Users\Lennym\Downloads\Zybo_DMA_Audio_KWS_energy-main\Zybo_DMA_Audio_KWS_energy-main\vitis\Zybo-Z7-10-DMA\src" -IC:/Users/Lennym/Downloads/Zybo-Z7-10-DMA-sw.ide/vitis/system_wrapper/export/system_wrapper/sw/system_wrapper/domain_ps7_cortexa9_0/bspinclude/include -c -fmessage-length=0 -MT"src/demo.o" -mcpu=cortex-a9 -mfpu=vfpv3 -mfloat-abi=hard -MMD -MP -MF"src/demo.d" -MT"src/demo.o" -o "src/demo.o" "../src/demo.c"
../src/demo.c:208:9: warning: "/*" within comment [-Wcomment]
  208 |         /*
      |          
../src/demo.c:393:9: warning: "/*" within comment [-Wcomment]
  393 |         /*
      |          
../src/demo.c:542:13: warning: 'RunKeywordSpotting' defined but not used [-Wunused-function]
  542 | static void RunKeywordSpotting(const int16_t *audio_16k, int num_samples)
      |             ^~~~~~~~~~~~~~~~~~
../src/demo.c:490:13: warning: 'PrintRawHexSamples' defined but not used [-Wunused-function]
  490 | static void PrintRawHexSamples(void)
      |             ^~~~~~~~~~~~~~~~~~
../src/demo.c:451:13: warning: 'PrintEvenOddDiagnostics' defined but not used [-Wunused-function]
  451 | static void PrintEvenOddDiagnostics(void)
      |             ^~~~~~~~~~~~~~~~~~~~~~~
../src/demo.c:421:13: warning: 'PrintAudioStats' defined but not used [-Wunused-function]
  421 | static void PrintAudioStats(void)
      |             ^~~~~~~~~~~~~~~
../src/demo.c:245:13: warning: 'PrintShiftDiagnostics' defined but not used [-Wunused-function]
  245 | static void PrintShiftDiagnostics(void)
      |             ^~~~~~~~~~~~~~~~~~~~~
../src/demo.c:164:12: warning: 'ExtractOneSecond16k' defined but not used [-Wunused-function]
  164 | static int ExtractOneSecond16k(const int16_t *pcm,
      |            ^~~~~~~~~~~~~~~~~~~
../src/demo.c:151:13: warning: 'PrintRawAudioSamples' defined but not used [-Wunused-function]
  151 | static void PrintRawAudioSamples(void)
      |             ^~~~~~~~~~~~~~~~~~~~
'Finished building: ../src/demo.c'
' '
'Building file: ../src/kws.cc'
'Invoking: ARM v7 g++ compiler'
arm-none-eabi-g++ -mcpu=cortex-a9 -mfpu=vfpv3 -mfloat-abi=hard ... -Wall -O0 -g3 -I"C:\Users\Lennym\Downloads\Zybo_DMA_Audio_KWS_energy-main\Zybo_DMA_Audio_KWS_energy-main\vitis\system_wrapper\ps7_cortexa9_0\domain_ps7_cortexa9_0\bsp\ps7_cortexa9_0\include" -c -fmessage-length=0 -MT"src/kws.o" -MMD -MP -MF"src/kws.d" -MT"src/kws.d" -o "src/kws.o" "../src/kws.cc"
arm-xilinx-eabi-g++.exe: warning: ...: linker input file unused because linking not done
'Finished building: ../src/kws.cc'
' '
'Building file: ../src/platform.c'
'Invoking: ARM v7 gcc compiler'
arm-none-eabi-gcc -Wall -O0 -g3 -I"C:\Users\Lennym\Downloads\Zybo_DMA_Audio_KWS_energy-main\Zybo_DMA_Audio_KWS_energy-main\vitis\Zybo-Z7-10-DMA\src" -IC:/Users/Lennym/Downloads/Zybo-Z7-10-DMA-sw.ide/vitis/system_wrapper/export/system_wrapper/sw/system_wrapper/domain_ps7_cortexa9_0/bspinclude/include -c -fmessage-length=0 -MT"src/platform.o" -mcpu=cortex-a9 -mfpu=vfpv3 -mfloat-abi=hard -MMD -MP -MF"src/platform.d" -MT"src/platform.o" -o "src/platform.o" "../src/platform.c"
'Finished building: ../src/platform.c'
' '
'Building target: Zybo-Z7-10-DMA.elf'
'Invoking: ARM v7 gcc linker'
arm-none-eabi-gcc -mcpu=cortex-a9 -mfpu=vfpv3 -mfloat-abi=hard -Wl,-build-id=none -specs=Xilinx.spec -Wl,-T -Wl,../src/lscript.ld -LC:/Users/Lennym/Downloads/Zybo-Z7-10-DMA-sw.ide/vitis/system_wrapper/export/system_wrapper/sw/system_wrapper/domain_ps7_cortexa9_0/bsplib/lib -o "Zybo-Z7-10-DMA.elf"  ./src/userio/userio.o  ./src/intc/intc.o  ./src/iic/iic.o  ./src/dma/dma.o  ./src/audio/audio.o  ./src/demo.o ./src/kws.o ./src/platform.o   -Wl,--start-group,-lxil,-lgcc,-lc,--end-group
'Finished building target: Zybo-Z7-10-DMA.elf'
' '
'Invoking: ARM v7 Print Size'
arm-none-eabi-size Zybo-Z7-10-DMA.elf  |tee "Zybo-Z7-10-DMA.elf.size"
   text	   data	    bss	    dec	    hex	filename
  66513	   3088	1256696	1326297	 143cd9	Zybo-Z7-10-DMA.elf
'Finished building: Zybo-Z7-10-DMA.elf.size'
' '

13:37:12 Build Finished (took 2s.746ms)

